<html>
<body class="z-bc">
<link rel="stylesheet" href="/++resource++WindowsWS/chosen/chosen.css" />
<style>
  .chzn-container{font-size:10px;}
  .chzn-container,.chzn-drop{z-index:3000;}
  .table,.td,.th,.tr{margin:0px;}
</style>
<script language="javascript">
function toggleAndSubmit(form,varname){
    if (form.elements.namedItem(varname).value==0) form.elements.namedItem(varname).value=1;
    else form.elements.namedItem(varname).value=0;
    form.submit();
    }
</script>
<script type="text/javascript" src="/zport/portal_skins/zenmodel/datePicker.js"> </script>

<tal:block tal:define="
    tableName string:hwscreentable;
    tm here/ZenTableManager;
    tableState python:tm.getTableState(tableName);
    sts python:tm.setReqTableState;

    columnsspec python:sts(tableName, 'columnsspec', here.REQUEST.get('columnsspec',['0','1','2','4','6','7','8','9','10','11']));
    reportColumns python:[['Device',            'Device Name',  'deviceLink',           'deviceName'],
                          ['DeviceClass',       'Device Class', 'deviceClassPathLink',  'deviceClassPath'],
                          ['IP',                'IP Address',   'manageIp',             'manageIp'],
                          ['ProductionState',   'State',        'productionState',      'productionState'],
                          ['Tag',               'Tag',          'tag',                  'tag'],
                          ['Manufacturer',      'Manufacturer', 'manufacturerLink',     'manufacturerName'],
                          ['Model',             'Model',        'modelLink',            'modelName'],
                          ['ProductKey',        'Product Key',  'productKey',           'productKey'],
                          ['Serial',            'Serial#',      'serial',               'serial'],
                          ['Description',       'Description',  'description',          'description'],
                          ['RackSlot',          'Rack Slot',    'rackSlot',             'rackSlot'],
                          ['Location',          'Location',     'locationLink',         'location'],
                         ];

    cDeviceClass python:sts(tableName, 'cDeviceClass', here.REQUEST.get('cDeviceClass','/'));
    cGroup python:sts(tableName, 'cGroup', here.REQUEST.get('cGroup','/'));
    cSystem python:sts(tableName, 'cSystem', here.REQUEST.get('cSystem','/'));
    cLocation python:sts(tableName, 'cLocation', here.REQUEST.get('cLocation','/'));
    cProductionState python:sts(tableName, 'cProductionState', here.REQUEST.get('cProductionState','1000'));

    cManufacturer python:sts(tableName, 'cManufacturer', here.REQUEST.get('cManufacturer',''));
    cProductName python:sts(tableName, 'cProductName', here.REQUEST.get('cProductName',''));
    cRackSlot python:sts(tableName, 'cRackSlot', here.REQUEST.get('cRackSlot',''));
    
    pluginOutput python:here.ReportServer.plugin('HWScreenInventoryCollection', 
                                             {
                                             'meta_type':'HWScreen',
                                             'cDeviceClass':cDeviceClass, 
                                             'cGroup':cGroup,
                                             'cSystem':cSystem,
                                             'cLocation':cLocation,
                                             'cProductionState':cProductionState,
                                             'cManufacturer':cManufacturer,
                                             'cProductName':cProductName,
                                             'cRackSlot':cRackSlot,
                                             });
    
    batch python:tm.getBatch(tableName,pluginOutput['components']);
    exportFields python:['deviceName', 'deviceClassPath', 'manageIp', 'productionState', 'tag', 'manufacturerName', 'model', 'productKey', 'serial', 'description', 'location'];
    isMail python:here.REQUEST.get('isMail','0');
    ">

 <tal:block metal:use-macro="here/reportMacros/macros/exportableReport">
  <tal:block metal:fill-slot="report">
   <tal:block metal:use-macro="here/templates/macros/page1">
   <tal:block metal:fill-slot="breadCrumbPane"><span metal:use-macro="here/miscmacros/macros/reportBreadCrumbsList"/></tal:block>
    <tal:block metal:fill-slot="contentPane">
     <tal:block tal:condition="python:isMail=='1'">
      <img src="http://www.presidencia.intranet/Gesteco/images/logo_direccio_serveis.jpg" width="200" /><br>
      <span tal:condition="python:here.REQUEST.get('showAll','')=='show all'" style="font-size=10pt;font-weight:bold;font-family:helvetica,sans-serif;" tal:content="python:here.REQUEST.get('title', 'No title specified')"/>
      <span tal:condition="python:here.REQUEST.get('showAll','')!='show all'" style="font-size=10pt;font-weight:bold;font-family:helvetica,sans-serif;" tal:content="python:'%s (TOP 40)'%here.REQUEST.get('title', 'No title specified')"/>
     </tal:block> <!--tal:block tal:condition="python:isMail=='1'"-->
     <tal:block tal:condition="python:isMail=='0'"><!--Interface for filtering, only viewable if not a mailed Report-->
     <form id="availabilityForm" method="submit">
      <table class="zentable">
      <tr><td style="vertical-align:top;" class="tablevalues" width="70%">
        <table class="zentable"> <!-- Device Filtering -->
          <tr><th class="tableheader" colspan="4">&nbsp;Device Specification</th></tr>
          <tr>
            <td class="tableheader">DeviceClass:</td>
            <td class="tablevalues">
              <select name="cDeviceClass" onchange="javascript:this.form.submit();">
              <tal:block tal:repeat="org here/Devices/getOrganizerNames">
              <option tal:content="org" tal:condition="python:'/Ignore' not in org" tal:attributes="selected python:org==cDeviceClass"/>
              </tal:block>
              </select>
            </td>
            <td class="tableheader">Group:</td>
            <td class="tablevalues">
              <select name="cGroup" onchange="javascript:this.form.submit();">
              <option tal:repeat="org here/Groups/getOrganizerNames" tal:content="org" tal:attributes="selected python:org==cGroup"/>
              </select>
            </td>
          </tr><tr>
            <td class="tableheader">System:</td>
            <td class="tablevalues">
              <select name="cSystem" onchange="javascript:this.form.submit();">
              <option tal:repeat="org here/Systems/getOrganizerNames" tal:content="org" tal:attributes="selected python:org==cSystem"/>
              </select>
            </td>
            <td class="tableheader">Location:</td>
            <td class="tablevalues">
              <select name="cLocation" onchange="javascript:this.form.submit();">
              <option tal:repeat="org here/Locations/getOrganizerNames" tal:content="org" tal:attributes="selected python:org==cLocation"/>
              </select>
            </td>
          </tr><tr>
            <td class="tableheader">Production State:</td>
            <td class="tablevalues">
              <select name="cProductionState" onchange="javascript:this.form.submit();">
              <option value='All'>All</option>
              <option tal:repeat="state python:[d.split(':') for d in here.dmd.prodStateConversions]" tal:content="python:state[0]" tal:attributes="selected python:state[1]==cProductionState;value python:state[1];"/>
              </select>
            </td>
            <td class="tableheader"/><td class="tablevalues"/>
          </tr>
        </table>
      </td><td rowspan="2" style="vertical-align:top;" class="tablevalues" width="30%">
        <table class="zentable"> <!--Show/Hide Columns table-->
          <tr><th class="tableheader" colspan="2">&nbsp;Show/hide Columns</th></tr>
          <tr><td>
          <select data-placeholder="Select shown columns" multiple="true" name="columnsspec" size="8" class="chzn-select" class="tableheader" style="padding:2px;width:100%;">
          <tal:block tal:repeat="column reportColumns" >
            <option tal:content="python:column[1]" tal:define="index repeat/column/index" tal:attributes="value index;selected python:'%s'%index in columnsspec"/>
          </tal:block>
          </select>
          </td></tr>
          <tr><td style="text-align:center;">
            <input type="button" value="Apply columns" onclick="javascript:this.form.submit();">
          </td></tr>
        </table>
      </td></tr>
      <tr><td style="vertical-align:top;" class="tablevalues">
        <table class="zentable"> <!--Additional Filters Table-->
          <tr><th class="tableheader" colspan="4">&nbsp;Screen filtering</th></tr>
          <tr>
            <td class="tableheader">Manufacturer:</td>
            <td class="tablevalues">
              <select name="cManufacturer" onchange="javascript:this.form.submit();">
              <option value="">All Manufacturers</option>
              <option tal:repeat="org python:pluginOutput['hwman']" tal:content="org" tal:attributes="selected python:org==cManufacturer"/>
              </select>
            </td>
            <td class="tableheader">Rack Slot:</td>
            <td class="tablevalues">
              <select name="cRackSlot" onchange="javascript:this.form.submit();">
              <option value="">All</option>
              <option tal:repeat="org python:pluginOutput['rackslot']" tal:content="org" tal:attributes="selected python:org==cRackSlot"/>
              </select>
            </td>
          </tr>
          <tr>
          <td class="tableheader">Model:</td>
          <td class="tablevalues">
            <select name="cProductName" onchange="javascript:this.form.submit();">
              <option value="">All Models</option>
              <option tal:repeat="org python:pluginOutput['hwproducts']" tal:content="org" tal:attributes="selected python:org==cProductName"/>
            </select>
          </td>
          <td class="tableheader"/><td class="tablevalues"/>
          </tr>
        </table>
      </td><td/></tr>
      </table>
     </form>
    </tal:block><!--tal:block tal:condition="python:isMail=='0'-->
    <form method="POST" tal:attributes="action request/URL;"
                    tal:define="tabletitle here/title_or_id;
                    showfilterbox python:True;"
                    >
     <tal:block metal:use-macro="here/zenuimacros/macros/zentable">
      <tal:block metal:fill-slot="zentablecontents">
        <tal:block tal:condition="python:isMail=='0'">
         <tr><td colspan="100%" class="tableheader" align='center'><form metal:use-macro="here/zenTableNavigation/macros/navtool"></form></td></tr>
         <tr>
          <tal:block tal:repeat="column reportColumns">
          <th tal:define="index repeat/column/index" tal:condition="python:'%s'%index in columnsspec" tal:replace="structure python:tm.getTableHeader(tableName,column[3],column[1])"/>
          </tal:block>
         </tr>
        </tal:block>

        <tal:block tal:condition="python:isMail=='1'" >
          <tr style="font-weight:bold;background-color:#E0E0E0;font-size:9pt;text-align:center;font-family: helvetica, sans-serif;">
           <tal:block tal:repeat="column reportColumns">
           <td tal:condition="python:column[3]=='1'" style="font-weight:bold;" tal:content="python:column[1]"/>
           </tal:block>
         </tr>
        </tal:block>
        <tal:block tal:repeat="cursor batch">
         <tal:block tal:define="resultsRow python:dict(zip([i[0] for i in reportColumns],[
                                  cursor.deviceLink,
                                  cursor.deviceClassPathLink,
                                  cursor.manageIp,
                                  cursor.productionState,
                                  cursor.tag,
                                  cursor.manufacturerLink,
                                  cursor.modelLink,
                                  cursor.productKey,
                                  cursor.serial,
                                  cursor.description,
                                  cursor.rackSlot,
                                  cursor.locationLink,
                                  ]));
                                ">
         <tr tal:define="odd repeat/cursor/odd;index repeat/cursor/index" tal:attributes="class python:odd and 'odd' or 'even'">
          <tal:block tal:condition="python:isMail=='0'">
            <tal:block tal:repeat="column reportColumns">
            <td class="tablevalues" tal:define="colindex repeat/column/index" tal:condition="python:'%s'%colindex in columnsspec" tal:content="structure python:'&nbsp;%s'%resultsRow[reportColumns[colindex][0]]" />
            </tal:block>
          </tal:block>
          <tal:block tal:condition="python:isMail=='1'">
            <tal:block tal:repeat="column reportColumns">
            <td class="inspector" tal:define="colindex repeat/column/index" style="font-size:9pt;background-color:#F9F9FF" tal:condition="python:'%s'%colindex in columnsspec" tal:content="structure python:'&nbsp;%s'%resultsRow[reportColumns[colindex][0]]"/>
            </tal:block>
          </tal:block>
         </tr>
         </tal:block>
        </tal:block>
        <tal:block tal:condition="python:isMail=='0'">
         <tr><td colspan="100%" class="tableheader" align='center'><form metal:use-macro="here/zenTableNavigation/macros/navtool"></form></td></tr>
        </tal:block>
      </tal:block> <!--zentablecontents-->
     </tal:block> <!--use-macro="here/zenuimacros/macros/zentable"-->
    </form>
    </tal:block> <!--metal:fill-slot="contentPane"-->
   </tal:block> <!--use-macro="here/templates/macros/page1"-->
  </tal:block> <!--fill-slot="report"-->
 </tal:block> <!--use-macro="here/reportMacros/macros/exportableReport"-->
</tal:block> <!--tal:define=-->
<script src="https://ajax.googleapis.com/ajax/libs/jquery/1.7.1/jquery.min.js" type="text/javascript"></script>
<script src="/++resource++WindowsWS/chosen/chosen.jquery.js" type="text/javascript"></script>
<script type="text/javascript">
  $(".chzn-select").chosen();
  $(".chzn-select-deselect").chosen({allow_single_deselect:true});
</script>
</body>
</html>